// Jest Snapshot v1, https://goo.gl/fbAQLP

exports[`create a snapshot 1`] = `
<div
  data-testid="todo-1"
>
  <strike>
    <h1>
      todo - 
      wash dishes
    </h1>
  </strike>
</div>
`;
